// Jest Snapshot v1, https://goo.gl/fbAQLP

exports[`renders initial state 1`] = `
<div
  className="countdown-display"
>
  00
  :
  00
</div>
`;
